2026-05-31 00:50:01 ✅ cloudflare-tunnel.service
2026-05-31 00:50:01 ✅ container helpbank-db
2026-05-31 00:50:01 ✅ container unite_redis
2026-05-31 00:50:01 ✅ API health
2026-05-31 01:00:01 ✅ unite-backend.service
2026-05-31 01:00:01 ✅ unite-websocket.service
2026-05-31 01:00:01 ✅ cloudflare-tunnel.service
2026-05-31 01:00:01 ✅ container helpbank-db
2026-05-31 01:00:01 ✅ container unite_redis
2026-05-31 01:00:01 ✅ API health
2026-05-31 01:10:01 ✅ unite-backend.service
2026-05-31 01:10:01 ✅ unite-websocket.service
2026-05-31 01:10:01 ✅ cloudflare-tunnel.service
2026-05-31 01:10:01 ✅ container helpbank-db
2026-05-31 01:10:01 ✅ container unite_redis
2026-05-31 01:10:01 ✅ API health
2026-05-31 01:20:01 ✅ unite-backend.service
2026-05-31 01:20:01 ✅ unite-websocket.service
2026-05-31 01:20:01 ✅ cloudflare-tunnel.service
2026-05-31 01:20:01 ✅ container helpbank-db
2026-05-31 01:20:01 ✅ container unite_redis
2026-05-31 01:20:01 ✅ API health
2026-05-31 01:30:01 ✅ unite-backend.service
2026-05-31 01:30:01 ✅ unite-websocket.service
2026-05-31 01:30:01 ✅ cloudflare-tunnel.service
2026-05-31 01:30:01 ✅ container helpbank-db
2026-05-31 01:30:01 ✅ container unite_redis
2026-05-31 01:30:01 ✅ API health
2026-05-31 01:40:01 ✅ unite-backend.service
2026-05-31 01:40:01 ✅ unite-websocket.service
2026-05-31 01:40:01 ✅ cloudflare-tunnel.service
2026-05-31 01:40:01 ✅ container helpbank-db
2026-05-31 01:40:01 ✅ container unite_redis
2026-05-31 01:40:01 ✅ API health
2026-05-31 01:50:01 ✅ unite-backend.service
2026-05-31 01:50:01 ✅ unite-websocket.service
2026-05-31 01:50:01 ✅ cloudflare-tunnel.service
2026-05-31 01:50:01 ✅ container helpbank-db
2026-05-31 01:50:01 ✅ container unite_redis
2026-05-31 01:50:01 ✅ API health
2026-05-31 02:00:01 ✅ unite-backend.service
2026-05-31 02:00:01 ✅ unite-websocket.service
2026-05-31 02:00:01 ✅ cloudflare-tunnel.service
2026-05-31 02:00:01 ✅ container helpbank-db
2026-05-31 02:00:01 ✅ container unite_redis
2026-05-31 02:00:01 ✅ API health
2026-05-31 02:10:01 ✅ unite-backend.service
2026-05-31 02:10:01 ✅ unite-websocket.service
2026-05-31 02:10:01 ✅ cloudflare-tunnel.service
2026-05-31 02:10:01 ✅ container helpbank-db
2026-05-31 02:10:01 ✅ container unite_redis
2026-05-31 02:10:01 ✅ API health
2026-05-31 02:20:01 ✅ unite-backend.service
2026-05-31 02:20:01 ✅ unite-websocket.service
2026-05-31 02:20:01 ✅ cloudflare-tunnel.service
2026-05-31 02:20:01 ✅ container helpbank-db
2026-05-31 02:20:01 ✅ container unite_redis
2026-05-31 02:20:01 ✅ API health
2026-05-31 02:30:01 ✅ unite-backend.service
2026-05-31 02:30:01 ✅ unite-websocket.service
2026-05-31 02:30:01 ✅ cloudflare-tunnel.service
2026-05-31 02:30:01 ✅ container helpbank-db
2026-05-31 02:30:01 ✅ container unite_redis
2026-05-31 02:30:01 ✅ API health
2026-05-31 02:40:01 ✅ unite-backend.service
2026-05-31 02:40:01 ✅ unite-websocket.service
2026-05-31 02:40:01 ✅ cloudflare-tunnel.service
2026-05-31 02:40:01 ✅ container helpbank-db
2026-05-31 02:40:01 ✅ container unite_redis
2026-05-31 02:40:01 ✅ API health
2026-05-31 02:50:01 ✅ unite-backend.service
2026-05-31 02:50:01 ✅ unite-websocket.service
2026-05-31 02:50:01 ✅ cloudflare-tunnel.service
2026-05-31 02:50:01 ✅ container helpbank-db
2026-05-31 02:50:01 ✅ container unite_redis
2026-05-31 02:50:01 ✅ API health
2026-05-31 03:00:01 ✅ unite-backend.service
2026-05-31 03:00:01 ✅ unite-websocket.service
2026-05-31 03:00:01 ✅ cloudflare-tunnel.service
2026-05-31 03:00:01 ✅ container helpbank-db
2026-05-31 03:00:01 ✅ container unite_redis
2026-05-31 03:00:01 ✅ API health
2026-05-31 03:10:01 ✅ unite-backend.service
2026-05-31 03:10:01 ✅ unite-websocket.service
2026-05-31 03:10:01 ✅ cloudflare-tunnel.service
2026-05-31 03:10:01 ✅ container helpbank-db
2026-05-31 03:10:01 ✅ container unite_redis
2026-05-31 03:10:01 ✅ API health
2026-05-31 03:20:01 ✅ unite-backend.service
2026-05-31 03:20:01 ✅ unite-websocket.service
2026-05-31 03:20:01 ✅ cloudflare-tunnel.service
2026-05-31 03:20:01 ✅ container helpbank-db
2026-05-31 03:20:01 ✅ container unite_redis
2026-05-31 03:20:01 ✅ API health
2026-05-31 22:40:25 ✅ unite-backend.service
2026-05-31 22:40:25 ✅ unite-websocket.service
2026-05-31 22:40:25 ✅ cloudflare-tunnel.service
2026-05-31 22:40:25 ✅ container helpbank-db
2026-05-31 22:40:25 ✅ container unite_redis
2026-05-31 22:40:25 ✅ API health
